// Jest Snapshot v1, https://goo.gl/fbAQLP

exports[`ArticleList tests renders correctly 1`] = `
<div>
  <div
    class="container"
  >
    <div
      class="listStyle"
    >
      <article
        class="box"
      >
        <div
          class="articleImage"
        >
          <img
            alt="The Statue of Liberty's torch heads to new museum"
            class="image"
            src="https://cdn.cnn.com/cnnnext/dam/assets/181122102925-statue-of-liberty-crown-super-169.jpg"
          />
        </div>
        <h2
          class="header"
        >
          The Statue of Liberty's torch heads to new museum
        </h2>
        <button
          class="button"
        >
          show more
        </button>
      </article>
    </div>
  </div>
</div>
`;
