// Jest Snapshot v1, https://goo.gl/fbAQLP

exports[`ArticleTextToggleButton tests renders correctly 1`] = `
<div>
  <div
    class="box"
  >
    <button
      class="button"
    >
      Show more
    </button>
  </div>
</div>
`;
